{
    "query_type": "CREATE_VIEW",
    "query_type_props": {
        "kind": "VIEW"
    },
    "query_fingerprint": "87b3f194c310daa80b6ce300a9bfa6f147460f43589e614ff05827952449a517",
    "in_tables": [
        "urn:li:dataset:(urn:li:dataPlatform:bigquery,my-proj-1.dataset.table1,PROD)",
        "urn:li:dataset:(urn:li:dataPlatform:bigquery,my-proj-1.dataset.table2,PROD)",
        "urn:li:dataset:(urn:li:dataPlatform:bigquery,my-proj-1.dataset.table3,PROD)"
    ],
    "out_tables": [
        "urn:li:dataset:(urn:li:dataPlatform:bigquery,my-proj-2.dataset.my_view,PROD)"
    ],
    "column_lineage": [
        {
            "downstream": {
                "table": "urn:li:dataset:(urn:li:dataPlatform:bigquery,my-proj-2.dataset.my_view,PROD)",
                "column": "col5",
                "column_type": {
                    "type": {
                        "com.linkedin.pegasus2avro.schema.StringType": {}
                    }
                },
                "native_column_type": "STRING"
            },
            "upstreams": [
                {
                    "table": "urn:li:dataset:(urn:li:dataPlatform:bigquery,my-proj-1.dataset.table3,PROD)",
                    "column": "col5"
                }
            ]
        },
        {
            "downstream": {
                "table": "urn:li:dataset:(urn:li:dataPlatform:bigquery,my-proj-2.dataset.my_view,PROD)",
                "column": "col1",
                "column_type": {
                    "type": {
                        "com.linkedin.pegasus2avro.schema.StringType": {}
                    }
                },
                "native_column_type": "STRING"
            },
            "upstreams": [
                {
                    "table": "urn:li:dataset:(urn:li:dataPlatform:bigquery,my-proj-1.dataset.table1,PROD)",
                    "column": "col1"
                }
            ]
        },
        {
            "downstream": {
                "table": "urn:li:dataset:(urn:li:dataPlatform:bigquery,my-proj-2.dataset.my_view,PROD)",
                "column": "col2",
                "column_type": {
                    "type": {
                        "com.linkedin.pegasus2avro.schema.StringType": {}
                    }
                },
                "native_column_type": "STRING"
            },
            "upstreams": [
                {
                    "table": "urn:li:dataset:(urn:li:dataPlatform:bigquery,my-proj-1.dataset.table1,PROD)",
                    "column": "col2"
                }
            ]
        },
        {
            "downstream": {
                "table": "urn:li:dataset:(urn:li:dataPlatform:bigquery,my-proj-2.dataset.my_view,PROD)",
                "column": "col3",
                "column_type": {
                    "type": {
                        "com.linkedin.pegasus2avro.schema.StringType": {}
                    }
                },
                "native_column_type": "STRING"
            },
            "upstreams": [
                {
                    "table": "urn:li:dataset:(urn:li:dataPlatform:bigquery,my-proj-1.dataset.table2,PROD)",
                    "column": "col3"
                }
            ]
        }
    ],
    "debug_info": {
        "confidence": 0.425,
        "generalized_statement": "CREATE VIEW `my-proj-2`.dataset.my_view AS WITH cte1 AS (SELECT * FROM dataset.table1 WHERE col1 = ?), cte2 AS (SELECT col3, col4 AS join_key FROM dataset.table2 WHERE col3 = ?) SELECT col5, cte1.*, col3 FROM dataset.table3 JOIN cte1 ON table3.col5 = cte1.col2 JOIN cte2 USING (join_key)"
    }
}