[
{
    "entityType": "dataFlow",
    "entityUrn": "urn:li:dataFlow:(airflow,basic_iolets,prod)",
    "changeType": "UPSERT",
    "aspectName": "dataFlowInfo",
    "aspect": {
        "json": {
            "customProperties": {
                "_access_control": "None",
                "catchup": "False",
                "description": "None",
                "doc_md": "None",
                "fileloc": "<fileloc>",
                "is_paused_upon_creation": "None",
                "start_date": "DateTime(2023, 1, 1, 0, 0, 0, tzinfo=Timezone('UTC'))",
                "tags": "[]",
                "timezone": "Timezone('UTC')"
            },
            "externalUrl": "http://airflow.example.com/tree?dag_id=basic_iolets",
            "name": "basic_iolets"
        }
    }
},
{
    "entityType": "dataFlow",
    "entityUrn": "urn:li:dataFlow:(airflow,basic_iolets,prod)",
    "changeType": "UPSERT",
    "aspectName": "ownership",
    "aspect": {
        "json": {
            "owners": [
                {
                    "owner": "urn:li:corpuser:airflow",
                    "type": "DEVELOPER",
                    "source": {
                        "type": "SERVICE"
                    }
                }
            ],
            "lastModified": {
                "time": 0,
                "actor": "urn:li:corpuser:airflow"
            }
        }
    }
},
{
    "entityType": "dataFlow",
    "entityUrn": "urn:li:dataFlow:(airflow,basic_iolets,prod)",
    "changeType": "UPSERT",
    "aspectName": "globalTags",
    "aspect": {
        "json": {
            "tags": []
        }
    }
},
{
    "entityType": "dataJob",
    "entityUrn": "urn:li:dataJob:(urn:li:dataFlow:(airflow,basic_iolets,prod),run_data_task)",
    "changeType": "UPSERT",
    "aspectName": "dataJobInfo",
    "aspect": {
        "json": {
            "customProperties": {
                "depends_on_past": "False",
                "email": "None",
                "label": "'run_data_task'",
                "execution_timeout": "None",
                "sla": "None",
                "task_id": "'run_data_task'",
                "trigger_rule": "<TriggerRule.ALL_SUCCESS: 'all_success'>",
                "wait_for_downstream": "False",
                "downstream_task_ids": "[]",
                "inlets": "[Dataset(platform='snowflake', name='mydb.schema.tableA', env='PROD', platform_instance=None), Dataset(platform='snowflake', name='mydb.schema.tableB', env='DEV', platform_instance=None), Dataset(platform='snowflake', name='mydb.schema.tableC', env='PROD', platform_instance='cloud'), Urn(_urn='urn:li:dataset:(urn:li:dataPlatform:snowflake,mydb.schema.tableC,PROD)'), Urn(_urn='urn:li:dataJob:(urn:li:dataFlow:(airflow,test_dag,PROD),test_task)')]",
                "outlets": "[Dataset(platform='snowflake', name='mydb.schema.tableD', env='PROD', platform_instance=None), Dataset(platform='snowflake', name='mydb.schema.tableE', env='PROD', platform_instance=None)]",
                "openlineage_run_facet_unknownSourceAttribute": "{\"_producer\": \"https://github.com/OpenLineage/OpenLineage/tree/1.2.0/integration/airflow\", \"_schemaURL\": \"https://raw.githubusercontent.com/OpenLineage/OpenLineage/main/spec/OpenLineage.json#/definitions/BaseFacet\", \"unknownItems\": [{\"name\": \"BashOperator\", \"properties\": {\"_BaseOperator__from_mapped\": false, \"_BaseOperator__init_kwargs\": {\"bash_command\": \"echo 'This is where you might run your data tooling.'\", \"dag\": \"<<non-serializable: DAG>>\", \"inlets\": [{\"env\": \"PROD\", \"name\": \"mydb.schema.tableA\", \"platform\": \"snowflake\"}, {\"env\": \"DEV\", \"name\": \"mydb.schema.tableB\", \"platform\": \"snowflake\"}, {\"env\": \"PROD\", \"name\": \"mydb.schema.tableC\", \"platform\": \"snowflake\", \"platform_instance\": \"cloud\"}, {\"_urn\": \"urn:li:dataset:(urn:li:dataPlatform:snowflake,mydb.schema.tableC,PROD)\"}, {\"_urn\": \"urn:li:dataJob:(urn:li:dataFlow:(airflow,test_dag,PROD),test_task)\"}], \"outlets\": [{\"env\": \"PROD\", \"name\": \"mydb.schema.tableD\", \"platform\": \"snowflake\"}, {\"env\": \"PROD\", \"name\": \"mydb.schema.tableE\", \"platform\": \"snowflake\"}], \"task_id\": \"run_data_task\"}, \"_BaseOperator__instantiated\": true, \"_dag\": \"<<non-serializable: DAG>>\", \"_log\": \"<<non-serializable: Logger>>\", \"append_env\": false, \"bash_command\": \"echo 'This is where you might run your data tooling.'\", \"depends_on_past\": false, \"do_xcom_push\": true, \"downstream_task_ids\": [], \"email_on_failure\": true, \"email_on_retry\": true, \"executor_config\": {}, \"ignore_first_depends_on_past\": true, \"inlets\": [{\"env\": \"PROD\", \"name\": \"mydb.schema.tableA\", \"platform\": \"snowflake\"}, {\"env\": \"DEV\", \"name\": \"mydb.schema.tableB\", \"platform\": \"snowflake\"}, {\"env\": \"PROD\", \"name\": \"mydb.schema.tableC\", \"platform\": \"snowflake\", \"platform_instance\": \"cloud\"}, {\"_urn\": \"urn:li:dataset:(urn:li:dataPlatform:snowflake,mydb.schema.tableC,PROD)\"}, {\"_urn\": \"urn:li:dataJob:(urn:li:dataFlow:(airflow,test_dag,PROD),test_task)\"}], \"outlets\": [{\"env\": \"PROD\", \"name\": \"mydb.schema.tableD\", \"platform\": \"snowflake\"}, {\"env\": \"PROD\", \"name\": \"mydb.schema.tableE\", \"platform\": \"snowflake\"}], \"output_encoding\": \"utf-8\", \"owner\": \"airflow\", \"params\": \"<<non-serializable: ParamsDict>>\", \"pool\": \"default_pool\", \"pool_slots\": 1, \"priority_weight\": 1, \"queue\": \"default\", \"retries\": 0, \"retry_delay\": \"<<non-serializable: timedelta>>\", \"retry_exponential_backoff\": false, \"skip_exit_code\": 99, \"start_date\": \"<<non-serializable: DateTime>>\", \"task_group\": \"<<non-serializable: TaskGroup>>\", \"task_id\": \"run_data_task\", \"trigger_rule\": \"all_success\", \"upstream_task_ids\": [], \"wait_for_downstream\": false, \"weight_rule\": \"downstream\"}, \"type\": \"operator\"}]}"
            },
            "externalUrl": "http://airflow.example.com/taskinstance/list/?flt1_dag_id_equals=basic_iolets&_flt_3_task_id=run_data_task",
            "name": "run_data_task",
            "type": {
                "string": "COMMAND"
            }
        }
    }
},
{
    "entityType": "dataJob",
    "entityUrn": "urn:li:dataJob:(urn:li:dataFlow:(airflow,basic_iolets,prod),run_data_task)",
    "changeType": "UPSERT",
    "aspectName": "dataJobInputOutput",
    "aspect": {
        "json": {
            "inputDatasets": [
                "urn:li:dataset:(urn:li:dataPlatform:snowflake,cloud.mydb.schema.tableC,PROD)",
                "urn:li:dataset:(urn:li:dataPlatform:snowflake,mydb.schema.tableA,PROD)",
                "urn:li:dataset:(urn:li:dataPlatform:snowflake,mydb.schema.tableB,DEV)",
                "urn:li:dataset:(urn:li:dataPlatform:snowflake,mydb.schema.tableC,PROD)"
            ],
            "outputDatasets": [
                "urn:li:dataset:(urn:li:dataPlatform:snowflake,mydb.schema.tableD,PROD)",
                "urn:li:dataset:(urn:li:dataPlatform:snowflake,mydb.schema.tableE,PROD)"
            ],
            "inputDatajobs": [
                "urn:li:dataJob:(urn:li:dataFlow:(airflow,test_dag,PROD),test_task)"
            ],
            "fineGrainedLineages": []
        }
    }
},
{
    "entityType": "dataset",
    "entityUrn": "urn:li:dataset:(urn:li:dataPlatform:snowflake,cloud.mydb.schema.tableC,PROD)",
    "changeType": "UPSERT",
    "aspectName": "status",
    "aspect": {
        "json": {
            "removed": false
        }
    }
},
{
    "entityType": "dataset",
    "entityUrn": "urn:li:dataset:(urn:li:dataPlatform:snowflake,mydb.schema.tableA,PROD)",
    "changeType": "UPSERT",
    "aspectName": "status",
    "aspect": {
        "json": {
            "removed": false
        }
    }
},
{
    "entityType": "dataset",
    "entityUrn": "urn:li:dataset:(urn:li:dataPlatform:snowflake,mydb.schema.tableB,DEV)",
    "changeType": "UPSERT",
    "aspectName": "status",
    "aspect": {
        "json": {
            "removed": false
        }
    }
},
{
    "entityType": "dataset",
    "entityUrn": "urn:li:dataset:(urn:li:dataPlatform:snowflake,mydb.schema.tableC,PROD)",
    "changeType": "UPSERT",
    "aspectName": "status",
    "aspect": {
        "json": {
            "removed": false
        }
    }
},
{
    "entityType": "dataset",
    "entityUrn": "urn:li:dataset:(urn:li:dataPlatform:snowflake,mydb.schema.tableD,PROD)",
    "changeType": "UPSERT",
    "aspectName": "status",
    "aspect": {
        "json": {
            "removed": false
        }
    }
},
{
    "entityType": "dataset",
    "entityUrn": "urn:li:dataset:(urn:li:dataPlatform:snowflake,mydb.schema.tableE,PROD)",
    "changeType": "UPSERT",
    "aspectName": "status",
    "aspect": {
        "json": {
            "removed": false
        }
    }
},
{
    "entityType": "dataJob",
    "entityUrn": "urn:li:dataJob:(urn:li:dataFlow:(airflow,basic_iolets,prod),run_data_task)",
    "changeType": "UPSERT",
    "aspectName": "ownership",
    "aspect": {
        "json": {
            "owners": [
                {
                    "owner": "urn:li:corpuser:airflow",
                    "type": "DEVELOPER",
                    "source": {
                        "type": "SERVICE"
                    }
                }
            ],
            "lastModified": {
                "time": 0,
                "actor": "urn:li:corpuser:airflow"
            }
        }
    }
},
{
    "entityType": "dataJob",
    "entityUrn": "urn:li:dataJob:(urn:li:dataFlow:(airflow,basic_iolets,prod),run_data_task)",
    "changeType": "UPSERT",
    "aspectName": "globalTags",
    "aspect": {
        "json": {
            "tags": []
        }
    }
},
{
    "entityType": "dataProcessInstance",
    "entityUrn": "urn:li:dataProcessInstance:5d666eaf9015a31b3e305e8bc2dba078",
    "changeType": "UPSERT",
    "aspectName": "dataProcessInstanceProperties",
    "aspect": {
        "json": {
            "customProperties": {
                "run_id": "manual_run_test",
                "duration": "<duration>",
                "start_date": "<start_date>",
                "end_date": "<end_date>",
                "execution_date": "2023-09-27 21:34:38+00:00",
                "try_number": "0",
                "max_tries": "0",
                "external_executor_id": "None",
                "state": "running",
                "operator": "BashOperator",
                "priority_weight": "1",
                "log_url": "http://airflow.example.com/log?execution_date=2023-09-27T21%3A34%3A38%2B00%3A00&task_id=run_data_task&dag_id=basic_iolets&map_index=-1",
                "orchestrator": "airflow",
                "dag_id": "basic_iolets",
                "task_id": "run_data_task"
            },
            "externalUrl": "http://airflow.example.com/log?execution_date=2023-09-27T21%3A34%3A38%2B00%3A00&task_id=run_data_task&dag_id=basic_iolets&map_index=-1",
            "name": "basic_iolets_run_data_task_manual_run_test",
            "type": "BATCH_AD_HOC",
            "created": {
                "time": 1701223185349,
                "actor": "urn:li:corpuser:datahub"
            }
        }
    }
},
{
    "entityType": "dataProcessInstance",
    "entityUrn": "urn:li:dataProcessInstance:5d666eaf9015a31b3e305e8bc2dba078",
    "changeType": "UPSERT",
    "aspectName": "dataProcessInstanceRelationships",
    "aspect": {
        "json": {
            "parentTemplate": "urn:li:dataJob:(urn:li:dataFlow:(airflow,basic_iolets,prod),run_data_task)",
            "upstreamInstances": []
        }
    }
},
{
    "entityType": "dataProcessInstance",
    "entityUrn": "urn:li:dataProcessInstance:5d666eaf9015a31b3e305e8bc2dba078",
    "changeType": "UPSERT",
    "aspectName": "dataProcessInstanceInput",
    "aspect": {
        "json": {
            "inputs": [
                "urn:li:dataset:(urn:li:dataPlatform:snowflake,cloud.mydb.schema.tableC,PROD)",
                "urn:li:dataset:(urn:li:dataPlatform:snowflake,mydb.schema.tableA,PROD)",
                "urn:li:dataset:(urn:li:dataPlatform:snowflake,mydb.schema.tableB,DEV)",
                "urn:li:dataset:(urn:li:dataPlatform:snowflake,mydb.schema.tableC,PROD)"
            ]
        }
    }
},
{
    "entityType": "dataProcessInstance",
    "entityUrn": "urn:li:dataProcessInstance:5d666eaf9015a31b3e305e8bc2dba078",
    "changeType": "UPSERT",
    "aspectName": "dataProcessInstanceOutput",
    "aspect": {
        "json": {
            "outputs": [
                "urn:li:dataset:(urn:li:dataPlatform:snowflake,mydb.schema.tableD,PROD)",
                "urn:li:dataset:(urn:li:dataPlatform:snowflake,mydb.schema.tableE,PROD)"
            ]
        }
    }
},
{
    "entityType": "dataset",
    "entityUrn": "urn:li:dataset:(urn:li:dataPlatform:snowflake,cloud.mydb.schema.tableC,PROD)",
    "changeType": "UPSERT",
    "aspectName": "status",
    "aspect": {
        "json": {
            "removed": false
        }
    }
},
{
    "entityType": "dataset",
    "entityUrn": "urn:li:dataset:(urn:li:dataPlatform:snowflake,mydb.schema.tableA,PROD)",
    "changeType": "UPSERT",
    "aspectName": "status",
    "aspect": {
        "json": {
            "removed": false
        }
    }
},
{
    "entityType": "dataset",
    "entityUrn": "urn:li:dataset:(urn:li:dataPlatform:snowflake,mydb.schema.tableB,DEV)",
    "changeType": "UPSERT",
    "aspectName": "status",
    "aspect": {
        "json": {
            "removed": false
        }
    }
},
{
    "entityType": "dataset",
    "entityUrn": "urn:li:dataset:(urn:li:dataPlatform:snowflake,mydb.schema.tableC,PROD)",
    "changeType": "UPSERT",
    "aspectName": "status",
    "aspect": {
        "json": {
            "removed": false
        }
    }
},
{
    "entityType": "dataset",
    "entityUrn": "urn:li:dataset:(urn:li:dataPlatform:snowflake,mydb.schema.tableD,PROD)",
    "changeType": "UPSERT",
    "aspectName": "status",
    "aspect": {
        "json": {
            "removed": false
        }
    }
},
{
    "entityType": "dataset",
    "entityUrn": "urn:li:dataset:(urn:li:dataPlatform:snowflake,mydb.schema.tableE,PROD)",
    "changeType": "UPSERT",
    "aspectName": "status",
    "aspect": {
        "json": {
            "removed": false
        }
    }
},
{
    "entityType": "dataProcessInstance",
    "entityUrn": "urn:li:dataProcessInstance:5d666eaf9015a31b3e305e8bc2dba078",
    "changeType": "UPSERT",
    "aspectName": "dataProcessInstanceRunEvent",
    "aspect": {
        "json": {
            "timestampMillis": 1701223185349,
            "partitionSpec": {
                "type": "FULL_TABLE",
                "partition": "FULL_TABLE_SNAPSHOT"
            },
            "status": "STARTED",
            "attempt": 1
        }
    }
},
{
    "entityType": "dataset",
    "entityUrn": "urn:li:dataset:(urn:li:dataPlatform:snowflake,mydb.schema.tableD,PROD)",
    "changeType": "UPSERT",
    "aspectName": "operation",
    "aspect": {
        "json": {
            "timestampMillis": 1714676628119,
            "partitionSpec": {
                "type": "FULL_TABLE",
                "partition": "FULL_TABLE_SNAPSHOT"
            },
            "actor": "urn:li:corpuser:airflow",
            "operationType": "CREATE",
            "lastUpdatedTimestamp": 1714676628119
        }
    }
},
{
    "entityType": "dataset",
    "entityUrn": "urn:li:dataset:(urn:li:dataPlatform:snowflake,mydb.schema.tableE,PROD)",
    "changeType": "UPSERT",
    "aspectName": "operation",
    "aspect": {
        "json": {
            "timestampMillis": 1714676628127,
            "partitionSpec": {
                "type": "FULL_TABLE",
                "partition": "FULL_TABLE_SNAPSHOT"
            },
            "actor": "urn:li:corpuser:airflow",
            "operationType": "CREATE",
            "lastUpdatedTimestamp": 1714676628127
        }
    }
},
{
    "entityType": "dataJob",
    "entityUrn": "urn:li:dataJob:(urn:li:dataFlow:(airflow,basic_iolets,prod),run_data_task)",
    "changeType": "UPSERT",
    "aspectName": "dataJobInfo",
    "aspect": {
        "json": {
            "customProperties": {
                "depends_on_past": "False",
                "email": "None",
                "label": "'run_data_task'",
                "execution_timeout": "None",
                "sla": "None",
                "task_id": "'run_data_task'",
                "trigger_rule": "<TriggerRule.ALL_SUCCESS: 'all_success'>",
                "wait_for_downstream": "False",
                "downstream_task_ids": "[]",
                "inlets": "[Dataset(platform='snowflake', name='mydb.schema.tableA', env='PROD', platform_instance=None), Dataset(platform='snowflake', name='mydb.schema.tableB', env='DEV', platform_instance=None), Dataset(platform='snowflake', name='mydb.schema.tableC', env='PROD', platform_instance='cloud'), Urn(_urn='urn:li:dataset:(urn:li:dataPlatform:snowflake,mydb.schema.tableC,PROD)'), Urn(_urn='urn:li:dataJob:(urn:li:dataFlow:(airflow,test_dag,PROD),test_task)')]",
                "outlets": "[Dataset(platform='snowflake', name='mydb.schema.tableD', env='PROD', platform_instance=None), Dataset(platform='snowflake', name='mydb.schema.tableE', env='PROD', platform_instance=None)]",
                "openlineage_run_facet_unknownSourceAttribute": "{\"_producer\": \"https://github.com/OpenLineage/OpenLineage/tree/1.2.0/integration/airflow\", \"_schemaURL\": \"https://raw.githubusercontent.com/OpenLineage/OpenLineage/main/spec/OpenLineage.json#/definitions/BaseFacet\", \"unknownItems\": [{\"name\": \"BashOperator\", \"properties\": {\"_BaseOperator__from_mapped\": false, \"_BaseOperator__init_kwargs\": {\"bash_command\": \"echo 'This is where you might run your data tooling.'\", \"dag\": \"<<non-serializable: DAG>>\", \"inlets\": [{\"env\": \"PROD\", \"name\": \"mydb.schema.tableA\", \"platform\": \"snowflake\"}, {\"env\": \"DEV\", \"name\": \"mydb.schema.tableB\", \"platform\": \"snowflake\"}, {\"env\": \"PROD\", \"name\": \"mydb.schema.tableC\", \"platform\": \"snowflake\", \"platform_instance\": \"cloud\"}, {\"_urn\": \"urn:li:dataset:(urn:li:dataPlatform:snowflake,mydb.schema.tableC,PROD)\"}, {\"_urn\": \"urn:li:dataJob:(urn:li:dataFlow:(airflow,test_dag,PROD),test_task)\"}], \"outlets\": [{\"env\": \"PROD\", \"name\": \"mydb.schema.tableD\", \"platform\": \"snowflake\"}, {\"env\": \"PROD\", \"name\": \"mydb.schema.tableE\", \"platform\": \"snowflake\"}], \"task_id\": \"run_data_task\"}, \"_BaseOperator__instantiated\": true, \"_dag\": \"<<non-serializable: DAG>>\", \"_log\": \"<<non-serializable: Logger>>\", \"append_env\": false, \"bash_command\": \"echo 'This is where you might run your data tooling.'\", \"depends_on_past\": false, \"do_xcom_push\": true, \"downstream_task_ids\": [], \"email_on_failure\": true, \"email_on_retry\": true, \"executor_config\": {}, \"ignore_first_depends_on_past\": true, \"inlets\": [{\"env\": \"PROD\", \"name\": \"mydb.schema.tableA\", \"platform\": \"snowflake\"}, {\"env\": \"DEV\", \"name\": \"mydb.schema.tableB\", \"platform\": \"snowflake\"}, {\"env\": \"PROD\", \"name\": \"mydb.schema.tableC\", \"platform\": \"snowflake\", \"platform_instance\": \"cloud\"}, {\"_urn\": \"urn:li:dataset:(urn:li:dataPlatform:snowflake,mydb.schema.tableC,PROD)\"}, {\"_urn\": \"urn:li:dataJob:(urn:li:dataFlow:(airflow,test_dag,PROD),test_task)\"}], \"outlets\": [{\"env\": \"PROD\", \"name\": \"mydb.schema.tableD\", \"platform\": \"snowflake\"}, {\"env\": \"PROD\", \"name\": \"mydb.schema.tableE\", \"platform\": \"snowflake\"}], \"output_encoding\": \"utf-8\", \"owner\": \"airflow\", \"params\": \"<<non-serializable: ParamsDict>>\", \"pool\": \"default_pool\", \"pool_slots\": 1, \"priority_weight\": 1, \"queue\": \"default\", \"retries\": 0, \"retry_delay\": \"<<non-serializable: timedelta>>\", \"retry_exponential_backoff\": false, \"skip_exit_code\": 99, \"start_date\": \"<<non-serializable: DateTime>>\", \"task_group\": \"<<non-serializable: TaskGroup>>\", \"task_id\": \"run_data_task\", \"trigger_rule\": \"all_success\", \"upstream_task_ids\": [], \"wait_for_downstream\": false, \"weight_rule\": \"downstream\"}, \"type\": \"operator\"}]}"
            },
            "externalUrl": "http://airflow.example.com/taskinstance/list/?flt1_dag_id_equals=basic_iolets&_flt_3_task_id=run_data_task",
            "name": "run_data_task",
            "type": {
                "string": "COMMAND"
            }
        }
    }
},
{
    "entityType": "dataJob",
    "entityUrn": "urn:li:dataJob:(urn:li:dataFlow:(airflow,basic_iolets,prod),run_data_task)",
    "changeType": "UPSERT",
    "aspectName": "dataJobInputOutput",
    "aspect": {
        "json": {
            "inputDatasets": [
                "urn:li:dataset:(urn:li:dataPlatform:snowflake,cloud.mydb.schema.tableC,PROD)",
                "urn:li:dataset:(urn:li:dataPlatform:snowflake,mydb.schema.tableA,PROD)",
                "urn:li:dataset:(urn:li:dataPlatform:snowflake,mydb.schema.tableB,DEV)",
                "urn:li:dataset:(urn:li:dataPlatform:snowflake,mydb.schema.tableC,PROD)"
            ],
            "outputDatasets": [
                "urn:li:dataset:(urn:li:dataPlatform:snowflake,mydb.schema.tableD,PROD)",
                "urn:li:dataset:(urn:li:dataPlatform:snowflake,mydb.schema.tableE,PROD)"
            ],
            "inputDatajobs": [
                "urn:li:dataJob:(urn:li:dataFlow:(airflow,test_dag,PROD),test_task)"
            ],
            "fineGrainedLineages": []
        }
    }
},
{
    "entityType": "dataset",
    "entityUrn": "urn:li:dataset:(urn:li:dataPlatform:snowflake,cloud.mydb.schema.tableC,PROD)",
    "changeType": "UPSERT",
    "aspectName": "status",
    "aspect": {
        "json": {
            "removed": false
        }
    }
},
{
    "entityType": "dataset",
    "entityUrn": "urn:li:dataset:(urn:li:dataPlatform:snowflake,mydb.schema.tableA,PROD)",
    "changeType": "UPSERT",
    "aspectName": "status",
    "aspect": {
        "json": {
            "removed": false
        }
    }
},
{
    "entityType": "dataset",
    "entityUrn": "urn:li:dataset:(urn:li:dataPlatform:snowflake,mydb.schema.tableB,DEV)",
    "changeType": "UPSERT",
    "aspectName": "status",
    "aspect": {
        "json": {
            "removed": false
        }
    }
},
{
    "entityType": "dataset",
    "entityUrn": "urn:li:dataset:(urn:li:dataPlatform:snowflake,mydb.schema.tableC,PROD)",
    "changeType": "UPSERT",
    "aspectName": "status",
    "aspect": {
        "json": {
            "removed": false
        }
    }
},
{
    "entityType": "dataset",
    "entityUrn": "urn:li:dataset:(urn:li:dataPlatform:snowflake,mydb.schema.tableD,PROD)",
    "changeType": "UPSERT",
    "aspectName": "status",
    "aspect": {
        "json": {
            "removed": false
        }
    }
},
{
    "entityType": "dataset",
    "entityUrn": "urn:li:dataset:(urn:li:dataPlatform:snowflake,mydb.schema.tableE,PROD)",
    "changeType": "UPSERT",
    "aspectName": "status",
    "aspect": {
        "json": {
            "removed": false
        }
    }
},
{
    "entityType": "dataJob",
    "entityUrn": "urn:li:dataJob:(urn:li:dataFlow:(airflow,basic_iolets,prod),run_data_task)",
    "changeType": "UPSERT",
    "aspectName": "ownership",
    "aspect": {
        "json": {
            "owners": [
                {
                    "owner": "urn:li:corpuser:airflow",
                    "type": "DEVELOPER",
                    "source": {
                        "type": "SERVICE"
                    }
                }
            ],
            "lastModified": {
                "time": 0,
                "actor": "urn:li:corpuser:airflow"
            }
        }
    }
},
{
    "entityType": "dataJob",
    "entityUrn": "urn:li:dataJob:(urn:li:dataFlow:(airflow,basic_iolets,prod),run_data_task)",
    "changeType": "UPSERT",
    "aspectName": "globalTags",
    "aspect": {
        "json": {
            "tags": []
        }
    }
},
{
    "entityType": "dataProcessInstance",
    "entityUrn": "urn:li:dataProcessInstance:5d666eaf9015a31b3e305e8bc2dba078",
    "changeType": "UPSERT",
    "aspectName": "dataProcessInstanceRunEvent",
    "aspect": {
        "json": {
            "timestampMillis": 1701223186055,
            "partitionSpec": {
                "type": "FULL_TABLE",
                "partition": "FULL_TABLE_SNAPSHOT"
            },
            "status": "COMPLETE",
            "result": {
                "type": "SUCCESS",
                "nativeResultType": "airflow"
            }
        }
    }
}
]